// Jest Snapshot v1, https://goo.gl/fbAQLP

exports[`Test <COTMRemoveUnresponsiveTabs /> component behaviour at mount Test renderModalBody() Examine the data object of this.props Run renderModalBody(): Whatever it returns should match the snapshot 1`] = `
<p>
  Go through all opened tabs and remove them from the list
</p>
`;

exports[`Test <COTMRemoveUnresponsiveTabs /> component behaviour at mount Test renderModalBody() Examine the data object of this.props Run renderModalBody(): it should return this text in a paragraph: "Go through all opened tabs and remove them from the list" 1`] = `
<p>
  Go through all opened tabs and remove them from the list
</p>
`;
