// Jest Snapshot v1, https://goo.gl/fbAQLP

exports[`Test <COTMRemoveUnresponsiveTabs /> component behaviour at mount Test renderModalBody() Examine the data object of this.props Run renderModalBody(): Whatever it returns should match the snapshot 1`] = `
<React.Fragment>
  <p>
    Closing this window will also close all its tabs. All ongoing activities on these web pages will be interrupted and possibly lost.
  </p>
  <p>
    Are you sure you want to proceed?
  </p>
  <p
    className="small"
  >
    You may reopen the window with all its tabs intact from the browser's history feature (presuming you have it activated).
  </p>
</React.Fragment>
`;

exports[`Test <COTMRemoveWindowModal /> component behaviour at mount Test renderModalBody() Examine the data object of this.props Run renderModalBody(): Whatever it returns should match the snapshot 1`] = `
<React.Fragment>
  <p>
    Closing this window will also close all its tabs. All ongoing activities on these web pages will be interrupted and possibly lost.
  </p>
  <p>
    Are you sure you want to proceed?
  </p>
  <p
    className="small"
  >
    You may reopen the window with all its tabs intact from the browser's history feature (presuming you have it activated).
  </p>
</React.Fragment>
`;
